[1] Load + features
  train (1142, 150), test (14303, 150), features 150
[2] CV per modele
  lightgbm  : OOF Brier = 0.1262
  xgboost   : OOF Brier = 0.1216
  catboost  : OOF Brier = 0.1185
  histgb    : OOF Brier = 0.1382

[3] Ensemble: moyenne ponderee 1/Brier
  lightgbm  : weight = 0.2490
  xgboost   : weight = 0.2584
  catboost  : weight = 0.2652
  histgb    : weight = 0.2273

  OOF ENSEMBLE Brier = 0.1211
  meilleur single   = 0.1185
  delta vs single   = -0.0026

[4] Calibration ensemble (Platt sur OOF)
  raw      : 0.1211
  sigmoid  : 0.1211
  isotonic : 0.1090
  retenu   : isotonic

[5] Submission ensemble
  saved: C:\Users\louay\Desktop\Hackathon-IBM-Airbus\submissions\submission_ensemble_v1.csv

[6] Reports

[DONE]
